// Jest Snapshot v1, https://goo.gl/fbAQLP

exports[`MarketPricesEffects should dispatch action on fetch market prices data action 1`] = `
Actions {
  "_isScalar": false,
  "operator": MapOperator {
    "project": [Function],
    "thisArg": undefined,
  },
  "source": Actions {
    "_isScalar": false,
    "operator": FilterOperator {
      "predicate": [Function],
      "thisArg": undefined,
    },
    "source": TestActions {
      "_isScalar": false,
      "source": HotObservable {
        "_isScalar": false,
        "error": undefined,
        "marbles": "-a",
        "source": SubscriptionLoggable {
          "_isScalar": false,
          "closed": false,
          "hasError": false,
          "isStopped": false,
          "messages": Array [
            Object {
              "frame": 10,
              "notification": Notification {
                "error": undefined,
                "hasValue": true,
                "kind": "N",
                "value": FetchData {
                  "type": "[Exchange Rates Feature] Market prices fetch data",
                },
              },
            },
          ],
          "observers": Array [],
          "scheduler": TestScheduler {
            "SchedulerAction": [Function],
            "actions": Array [],
            "active": false,
            "assertDeepEqual": [Function],
            "coldObservables": Array [
              SubscriptionLoggable {
                "_isScalar": false,
                "_subscribe": [Function],
                "messages": Array [
                  Object {
                    "frame": 10,
                    "notification": Notification {
                      "error": undefined,
                      "hasValue": true,
                      "kind": "N",
                      "value": FetchData {
                        "payload": Object {
                          "key": "ticker",
                          "query": null,
                        },
                        "type": "[Blockchain Data Feature API] Fetch data",
                      },
                    },
                  },
                ],
                "scheduler": [Circular],
                "subscriptions": Array [],
              },
            ],
            "flushTests": Array [],
            "frame": 0,
            "hotObservables": Array [
              [Circular],
            ],
            "index": -1,
            "maxFrames": 750,
            "now": [Function],
            "scheduled": undefined,
          },
          "subscriptions": Array [],
          "thrownError": null,
        },
        "values": Object {
          "a": FetchData {
            "type": "[Exchange Rates Feature] Market prices fetch data",
          },
        },
      },
    },
  },
}
`;
