// Jest Snapshot v1, https://goo.gl/fbAQLP

exports[`Selectors should pick data service node 1`] = `
Object {
  "isFetching": false,
  "lastUpdate": 0,
  "query": null,
  "response": null,
}
`;

exports[`Selectors should pick lastUpdate information for provided data service 1`] = `0`;

exports[`Selectors should pick response information for provided data service 1`] = `null`;
