// Jest Snapshot v1, https://goo.gl/fbAQLP

exports[`ExchangeRatesService ticker should return market prices 1`] = `"GET"`;

exports[`ExchangeRatesService ticker should return market prices 2`] = `
Object {
  "USD": Object {
    "15m": 478.68,
    "buy": 478.55,
    "last": 478.68,
    "sell": 478.68,
    "symbol": "$",
  },
}
`;

exports[`ExchangeRatesService tobtc should convert x value in the provided currency to btc 1`] = `"GET"`;

exports[`ExchangeRatesService tobtc should convert x value in the provided currency to btc 2`] = `10`;
